../Core/Src/main.c:73:6:delay	16	static
../Core/Src/main.c:92:6:HAL_TIM_IC_CaptureCallback	16	static
../Core/Src/main.c:129:6:HCSR04_Read	8	static
../Core/Src/main.c:138:6:TempRead	8	static
../Core/Src/main.c:153:5:main	16	static
../Core/Src/main.c:237:6:SystemClock_Config	88	static
../Core/Src/main.c:283:13:MX_ADC1_Init	24	static
../Core/Src/main.c:335:13:MX_CAN1_Init	48	static
../Core/Src/main.c:383:13:MX_I2C1_Init	8	static
../Core/Src/main.c:417:13:MX_TIM1_Init	32	static
../Core/Src/main.c:466:13:MX_GPIO_Init	48	static
../Core/Src/main.c:511:6:Error_Handler	4	static,ignoring_inline_asm
